#pragma warning disable

// <auto-generated/>

namespace MyMauiApp.Controls
{
    public partial class MyMauiControl
    {
        public static readonly BindableProperty HasShadowProperty = BindableProperty.CreateAttached(
            "HasShadow",
            typeof(bool),
            typeof(MyMauiControl),
            false,
            (BindingMode)((int)BindingMode.OneWay),
            ValidateValue,
            PropertyChangedDelegate,
            PropertyChangingDelegate,
            CoerceValueDelegate,
            CreateDefaultValueDelegate
        );
        
        public static bool GetHasShadow(BindableObject view)
        {
            return (bool)view.GetValue(HasShadowProperty);
        }

        public static void SetHasShadow(BindableObject view, bool value)
        {
            view.SetValue(HasShadowProperty, value);
        }
    }
}