// <auto-generated/>

namespace UnitTest.TestData.BindablePropTest
{
    public partial class SimpleUsage
    {
        public static readonly BindableProperty TitleProperty = BindableProperty.Create(
            nameof(Title),
            typeof(string),
            typeof(SimpleUsage),
            default,
            (BindingMode)0,
            null,
            (bindable, oldValue, newValue) => 
                        ((SimpleUsage)bindable).Title = (string)newValue,
            null,
            null,
            null
        );

        public string Title
        {
            get => title;
            set 
            {
                OnPropertyChanging(nameof(Title));

                title = value;
                SetValue(SimpleUsage.TitleProperty, title);

                OnPropertyChanged(nameof(Title));
            }
        }

        public static readonly BindableProperty DescriptionProperty = BindableProperty.Create(
            nameof(Description),
            typeof(string),
            typeof(SimpleUsage),
            "To the moon",
            (BindingMode)0,
            null,
            (bindable, oldValue, newValue) => 
                        ((SimpleUsage)bindable).Description = (string)newValue,
            null,
            null,
            null
        );

        public string Description
        {
            get => description;
            set 
            {
                OnPropertyChanging(nameof(Description));

                description = value;
                SetValue(SimpleUsage.DescriptionProperty, description);

                OnPropertyChanged(nameof(Description));
            }
        }
    }
}
