// <auto-generated/>

namespace global
{
    public partial class MyClass
    {

        public static readonly BindableProperty TextProperty = BindableProperty.Create(
                    nameof(Text),
                    typeof(string),
                    typeof(MyClass),
                    default
                );

        public string Text
        {
            get => text;
            set 
            { 
                text = value;
                SetValue(MyClass.TextProperty, text);
            }
        }

        public static readonly BindableProperty PlaceHolderProperty = BindableProperty.Create(
                    nameof(PlaceHolder),
                    typeof(string),
                    typeof(MyClass),
                    "Do you trust me?"
                );

        public string PlaceHolder
        {
            get => placeHolder;
            set 
            { 
                placeHolder = value;
                SetValue(MyClass.PlaceHolderProperty, placeHolder);
            }
        }

    }
}